// Jest Snapshot v1, https://goo.gl/fbAQLP

exports[`logger exposes full interface 1`] = `
Array [
  "Logger",
  "NORMALISE",
  "NORMALISE_VALUES",
  "RAW",
  "logger",
]
`;
